2026-08-07 17:24:28,545 -10 - root - INFO - Starting the ML project setup...
2026-08-07 17:24:28,546 -40 - root - INFO - Starting data ingestion process.
2026-08-07 17:24:28,546 -19 - root - INFO - Loading data from D:/Project/MLOPS/notebook/StudentsPerformance.csv
2026-08-07 17:24:28,580 -22 - root - INFO - Data loaded successfully
2026-08-07 17:24:28,581 -43 - root - INFO - Data read successfully.
2026-08-07 17:24:28,591 -48 - root - INFO - Raw data saved at artifacts\raw.csv
2026-08-07 17:24:28,617 -55 - root - INFO - Training data saved at artifacts\train.csv
2026-08-07 17:24:28,617 -56 - root - INFO - Testing data saved at artifacts\test.csv
2026-08-07 17:24:28,618 -57 - root - INFO - Data ingestion process completed successfully.
2026-08-07 17:24:28,726 -75 - root - INFO - Train and test data read successfully.
2026-08-07 17:24:28,729 -55 - root - INFO - Numerical and categorical pipelines created successfully.
2026-08-07 17:24:28,730 -56 - root - INFO - Numerical columns: ['writing score', 'reading score']
2026-08-07 17:24:28,730 -57 - root - INFO - Categorical columns: ['gender', 'race/ethnicity', 'parental level of education', 'lunch', 'test preparation course']
2026-08-07 17:24:28,733 -91 - root - INFO - Applying preprocessing object on training and testing datasets.
2026-08-07 17:24:28,860 -37 - root - INFO - Object saved to artifacts\preprocessor.pkl
2026-08-07 17:24:28,861 -106 - root - INFO - Preprocessor object saved successfully.
2026-08-07 17:24:28,861 -48 - root - INFO - initating train test split
2026-08-07 17:24:28,862 -101 - root - INFO - traning all the models
2026-08-07 17:25:12,771 -137 - root - INFO - MLflow tracking and registry URI set to https://dagshub.com/DEV-black-ops/studentmarks.mlflow
2026-08-07 17:25:12,772 -145 - root - INFO - MLflow Dagshub token set from DAGSHUB_TOKEN environment variable
2026-08-07 17:25:53,271 -176 - root - INFO - Model logged and registered as 'Linear Regression' in remote registry
2026-08-07 17:25:54,048 -37 - root - INFO - Object saved to artifacts\model.pkl
