2026-08-07 14:44:35,680 -10 - root - INFO - Starting the ML project setup...
2026-08-07 14:44:35,680 -40 - root - INFO - Starting data ingestion process.
2026-08-07 14:44:35,680 -19 - root - INFO - Loading data from D:/Project/MLOPS/notebook/StudentsPerformance.csv
2026-08-07 14:44:35,680 -22 - root - INFO - Data loaded successfully
2026-08-07 14:44:35,680 -43 - root - INFO - Data read successfully.
2026-08-07 14:44:35,680 -48 - root - INFO - Raw data saved at artifacts\raw.csv
2026-08-07 14:44:35,702 -55 - root - INFO - Training data saved at artifacts\train.csv
2026-08-07 14:44:35,702 -56 - root - INFO - Testing data saved at artifacts\test.csv
2026-08-07 14:44:35,702 -57 - root - INFO - Data ingestion process completed successfully.
2026-08-07 14:44:35,769 -75 - root - INFO - Train and test data read successfully.
2026-08-07 14:44:35,770 -55 - root - INFO - Numerical and categorical pipelines created successfully.
2026-08-07 14:44:35,770 -56 - root - INFO - Numerical columns: ['writing score', 'reading score']
2026-08-07 14:44:35,770 -57 - root - INFO - Categorical columns: ['gender', 'race/ethnicity', 'parental level of education', 'lunch', 'test preparation course']
2026-08-07 14:44:35,772 -91 - root - INFO - Applying preprocessing object on training and testing datasets.
2026-08-07 14:44:35,828 -37 - root - INFO - Object saved to artifacts\preprocessor.pkl
2026-08-07 14:44:35,829 -106 - root - INFO - Preprocessor object saved successfully.
2026-08-07 14:44:35,829 -48 - root - INFO - initating train test split
2026-08-07 14:44:35,829 -101 - root - INFO - traning all the models
2026-08-07 14:49:17,949 -152 - root - INFO - MLflow registry unavailable or permission denied: API request to https://dagshub.com/DEV-black-ops/studentmarks.mlflow/api/2.0/mlflow/model-versions/create failed with exception HTTPSConnectionPool(host='dagshub.com', port=443): Max retries exceeded with url: /DEV-black-ops/studentmarks.mlflow/api/2.0/mlflow/model-versions/create (Caused by ResponseError('too many 500 error responses'))
2026-08-07 14:49:17,949 -153 - root - INFO - Falling back to logging the model without registry registration.
2026-08-07 14:49:24,431 -37 - root - INFO - Object saved to artifacts\model.pkl
